// Jest Snapshot v1, https://goo.gl/fbAQLP

exports[`MainContainer should match snapshot with all data 1`] = `
ShallowWrapper {
  "length": 1,
  Symbol(enzyme.__root__): [Circular],
  Symbol(enzyme.__unrendered__): <Unknown
    displayFavorites={[Function]}
    mockCategoryData={
        Array [
            Object {
              "model": "t-990",
              "name": "SandDigger",
              "passengers": 500,
              "vehicleClass": "wheeled",
            },
          ]
    }
    updateCards={[Function]}
/>,
  Symbol(enzyme.__renderer__): Object {
    "batchedUpdates": [Function],
    "getNode": [Function],
    "render": [Function],
    "simulateEvent": [Function],
    "unmount": [Function],
  },
  Symbol(enzyme.__node__): Object {
    "instance": null,
    "key": undefined,
    "nodeType": "host",
    "props": Object {
      "children": Array [
        false,
        Array [],
      ],
      "className": "container",
    },
    "ref": null,
    "rendered": Array [
      false,
    ],
    "type": "div",
  },
  Symbol(enzyme.__nodes__): Array [
    Object {
      "instance": null,
      "key": undefined,
      "nodeType": "host",
      "props": Object {
        "children": Array [
          false,
          Array [],
        ],
        "className": "container",
      },
      "ref": null,
      "rendered": Array [
        false,
      ],
      "type": "div",
    },
  ],
  Symbol(enzyme.__options__): Object {
    "adapter": ReactSixteenAdapter {
      "options": Object {
        "enableComponentDidUpdateOnSetState": true,
      },
    },
  },
}
`;
